Component: ARM Compiler 5.06 update 1 (build 61) Tool: armlink [4d35a8]

==============================================================================

Section Cross References

    startup_lpc17xx.o(STACK) refers (Special) to heapauxi.o(.text) for __use_two_region_memory
    startup_lpc17xx.o(HEAP) refers (Special) to heapauxi.o(.text) for __use_two_region_memory
    startup_lpc17xx.o(RESET) refers (Special) to heapauxi.o(.text) for __use_two_region_memory
    startup_lpc17xx.o(RESET) refers to startup_lpc17xx.o(STACK) for __initial_sp
    startup_lpc17xx.o(RESET) refers to startup_lpc17xx.o(.text) for Reset_Handler
    startup_lpc17xx.o(RESET) refers to timer.o(.text) for TIMER0_IRQHandler
    startup_lpc17xx.o(RESET) refers to uart.o(.text) for UART0_IRQHandler
    startup_lpc17xx.o(RESET) refers to uart1.o(.text) for UART1_IRQHandler
    startup_lpc17xx.o(RESET) refers to uart2.o(.text) for UART2_IRQHandler
    startup_lpc17xx.o(RESET) refers to uart3.o(.text) for UART3_IRQHandler
    startup_lpc17xx.o(.ARM.__at_0x02FC) refers (Special) to heapauxi.o(.text) for __use_two_region_memory
    startup_lpc17xx.o(.text) refers (Special) to heapauxi.o(.text) for __use_two_region_memory
    startup_lpc17xx.o(.text) refers to system_lpc17xx.o(.text) for SystemInit
    startup_lpc17xx.o(.text) refers to __main.o(!!!main) for __main
    startup_lpc17xx.o(.text) refers to startup_lpc17xx.o(HEAP) for Heap_Mem
    startup_lpc17xx.o(.text) refers to startup_lpc17xx.o(STACK) for Stack_Mem
    main.o(.text) refers to system_lpc17xx.o(.text) for SystemInit
    main.o(.text) refers to delay.o(.text) for delay_init
    main.o(.text) refers to io.o(.text) for IO_Init
    main.o(.text) refers to iic.o(.text) for I2C_Init
    main.o(.text) refers to iic1.o(.text) for I2C1_Init
    main.o(.text) refers to iic2.o(.text) for I2C2_Init
    main.o(.text) refers to pca9655e.o(.text) for PCA9655E_Init
    main.o(.text) refers to uart.o(.text) for UART0_Init
    main.o(.text) refers to uart2.o(.text) for UART2_Init
    main.o(.text) refers to 24c128.o(.text) for init_config
    main.o(.text) refers to control.o(.text) for Motor_init
    main.o(.text) refers to command.o(.text) for Check
    main.o(.text) refers to uart.o(.data) for Uart0Flag
    main.o(.text) refers to uart.o(.bss) for UART0Buffer
    uart.o(.text) refers to c89vsprintf.o(.text) for __c89vsprintf
    uart.o(.text) refers to llsdiv.o(.text) for __aeabi_ldivmod
    uart.o(.text) refers to ffixu.o(x$fpl$ffixu) for __aeabi_f2uiz
    uart.o(.text) refers to dflt_clz.o(x$fpl$dfltu) for __aeabi_ui2d
    uart.o(.text) refers to pow.o(i.pow) for pow
    uart.o(.text) refers to f2d.o(x$fpl$f2d) for __aeabi_f2d
    uart.o(.text) refers to dmul.o(x$fpl$dmul) for __aeabi_dmul
    uart.o(.text) refers to d2f.o(x$fpl$d2f) for __aeabi_d2f
    uart.o(.text) refers to dflt_clz.o(x$fpl$dflt) for __aeabi_i2d
    uart.o(.text) refers to dfixu.o(x$fpl$dfixu) for __aeabi_d2uiz
    uart.o(.text) refers to system_lpc17xx.o(.data) for SystemCoreClock
    uart.o(.text) refers to uart.o(.data) for UART0Count
    uart.o(.text) refers to uart.o(.bss) for UART0Buffer
    command.o(.text) refers to strcmpv7m.o(.text) for strcmp
    command.o(.text) refers to control.o(.text) for UnitID
    command.o(.text) refers to 24c128.o(.text) for eepromwrite
    command.o(.text) refers to pca9655e.o(.text) for PCA9655E_OUT
    command.o(.text) refers to uart.o(.text) for Print_String
    command.o(.text) refers to strncmp.o(.text) for strncmp
    command.o(.text) refers to repeathandle.o(.text) for ServoGoOrigin
    command.o(.text) refers to toyocontrol.o(.text) for Toyo_Set_ServoON
    command.o(.text) refers to command.o(.data) for Ion_flag
    command.o(.text) refers to control.o(.data) for STEP
    command.o(.text) refers to repeathandle.o(.data) for Servoendpoint_HOME
    control.o(.text) refers to _printf_percent.o(.ARM.Collect$$_printf_percent$$00000000) for _printf_percent
    control.o(.text) refers to _printf_d.o(.ARM.Collect$$_printf_percent$$00000009) for _printf_d
    control.o(.text) refers to _printf_dec.o(.text) for _printf_int_dec
    control.o(.text) refers to _scanf_int.o(.text) for _scanf_int
    control.o(.text) refers to uart.o(.text) for Uart_Printf
    control.o(.text) refers to delay.o(.text) for Delay_MS
    control.o(.text) refers to repeathandle.o(.text) for ServoInitialize
    control.o(.text) refers to pca9655e.o(.text) for PCA9655E_OUT
    control.o(.text) refers to control.o(.data) for RET
    control.o(.text) refers to command.o(.data) for Ion_flag
    control.o(.text) refers to repeathandle.o(.data) for ServoOrigin_R
    control.o(.text) refers to control.o(.conststring) for .conststring
    control.o(.text) refers to __2printf.o(.text) for __2printf
    control.o(.text) refers to strlen.o(.text) for strlen
    control.o(.text) refers to dflt_clz.o(x$fpl$dflt) for __aeabi_i2d
    control.o(.text) refers to pow.o(i.pow) for pow
[...]
    __rt_lib_init_lc_collate_1               0x00000221   Thumb Code     0  libinit2.o(.ARM.Collect$$libinit$$00000011)
    __rt_lib_init_lc_ctype_2                 0x00000221   Thumb Code     0  libinit2.o(.ARM.Collect$$libinit$$00000012)
    __rt_lib_init_lc_ctype_1                 0x0000022d   Thumb Code     0  libinit2.o(.ARM.Collect$$libinit$$00000013)
    __rt_lib_init_lc_monetary_1              0x0000022d   Thumb Code     0  libinit2.o(.ARM.Collect$$libinit$$00000015)
    __rt_lib_init_lc_numeric_2               0x0000022d   Thumb Code     0  libinit2.o(.ARM.Collect$$libinit$$00000016)
    __rt_lib_init_atexit_1                   0x00000237   Thumb Code     0  libinit2.o(.ARM.Collect$$libinit$$0000001B)
    __rt_lib_init_clock_1                    0x00000237   Thumb Code     0  libinit2.o(.ARM.Collect$$libinit$$00000021)
    __rt_lib_init_fp_trap_1                  0x00000237   Thumb Code     0  libinit2.o(.ARM.Collect$$libinit$$0000001F)
    __rt_lib_init_getenv_1                   0x00000237   Thumb Code     0  libinit2.o(.ARM.Collect$$libinit$$00000023)
    __rt_lib_init_lc_numeric_1               0x00000237   Thumb Code     0  libinit2.o(.ARM.Collect$$libinit$$00000017)
    __rt_lib_init_lc_time_1                  0x00000237   Thumb Code     0  libinit2.o(.ARM.Collect$$libinit$$00000019)
    __rt_lib_init_signal_1                   0x00000237   Thumb Code     0  libinit2.o(.ARM.Collect$$libinit$$0000001D)
    __rt_lib_init_stdio_2                    0x00000237   Thumb Code     0  libinit2.o(.ARM.Collect$$libinit$$00000024)
    __rt_lib_init_alloca_1                   0x0000023b   Thumb Code     0  libinit2.o(.ARM.Collect$$libinit$$0000002E)
    __rt_lib_init_argv_1                     0x0000023b   Thumb Code     0  libinit2.o(.ARM.Collect$$libinit$$0000002C)
    __rt_lib_init_cpp_1                      0x0000023b   Thumb Code     0  libinit2.o(.ARM.Collect$$libinit$$00000032)
    __rt_lib_init_exceptions_1               0x0000023b   Thumb Code     0  libinit2.o(.ARM.Collect$$libinit$$00000030)
    __rt_lib_init_return                     0x0000023b   Thumb Code     0  libinit2.o(.ARM.Collect$$libinit$$00000033)
    __rt_lib_init_stdio_1                    0x0000023b   Thumb Code     0  libinit2.o(.ARM.Collect$$libinit$$00000025)
    __rt_lib_shutdown                        0x0000023d   Thumb Code     0  libshutdown.o(.ARM.Collect$$libshutdown$$00000000)
    __rt_lib_shutdown_cpp_1                  0x0000023f   Thumb Code     0  libshutdown2.o(.ARM.Collect$$libshutdown$$00000002)
    __rt_lib_shutdown_stdio_2                0x0000023f   Thumb Code     0  libshutdown2.o(.ARM.Collect$$libshutdown$$00000003)
    __rt_lib_shutdown_fp_trap_1              0x00000243   Thumb Code     0  libshutdown2.o(.ARM.Collect$$libshutdown$$00000007)
    __rt_lib_shutdown_heap_1                 0x00000243   Thumb Code     0  libshutdown2.o(.ARM.Collect$$libshutdown$$0000000F)
    __rt_lib_shutdown_return                 0x00000243   Thumb Code     0  libshutdown2.o(.ARM.Collect$$libshutdown$$00000010)
    __rt_lib_shutdown_signal_1               0x00000243   Thumb Code     0  libshutdown2.o(.ARM.Collect$$libshutdown$$0000000A)
    __rt_lib_shutdown_stdio_1                0x00000243   Thumb Code     0  libshutdown2.o(.ARM.Collect$$libshutdown$$00000004)
    __rt_lib_shutdown_user_alloc_1           0x00000243   Thumb Code     0  libshutdown2.o(.ARM.Collect$$libshutdown$$0000000C)
    __rt_entry                               0x00000245   Thumb Code     0  __rtentry.o(.ARM.Collect$$rtentry$$00000000)
    __rt_entry_presh_1                       0x00000245   Thumb Code     0  __rtentry2.o(.ARM.Collect$$rtentry$$00000002)
    __rt_entry_sh                            0x00000245   Thumb Code     0  __rtentry4.o(.ARM.Collect$$rtentry$$00000004)
    __rt_entry_li                            0x0000024b   Thumb Code     0  __rtentry2.o(.ARM.Collect$$rtentry$$0000000A)
    __rt_entry_postsh_1                      0x0000024b   Thumb Code     0  __rtentry2.o(.ARM.Collect$$rtentry$$00000009)
    __rt_entry_main                          0x0000024f   Thumb Code     0  __rtentry2.o(.ARM.Collect$$rtentry$$0000000D)
    __rt_entry_postli_1                      0x0000024f   Thumb Code     0  __rtentry2.o(.ARM.Collect$$rtentry$$0000000C)
    __rt_exit                                0x00000257   Thumb Code     0  rtexit.o(.ARM.Collect$$rtexit$$00000000)
    __rt_exit_ls                             0x00000259   Thumb Code     0  rtexit2.o(.ARM.Collect$$rtexit$$00000003)
    __rt_exit_prels_1                        0x00000259   Thumb Code     0  rtexit2.o(.ARM.Collect$$rtexit$$00000002)
    __rt_exit_exit                           0x0000025d   Thumb Code     0  rtexit2.o(.ARM.Collect$$rtexit$$00000004)
    Reset_Handler                            0x00000265   Thumb Code     8  startup_lpc17xx.o(.text)
    _maybe_terminate_alloc                   0x00000265   Thumb Code     0  maybetermalloc1.o(.emb_text)
    NMI_Handler                              0x0000026d   Thumb Code     2  startup_lpc17xx.o(.text)
    HardFault_Handler                        0x0000026f   Thumb Code     2  startup_lpc17xx.o(.text)
    MemManage_Handler                        0x00000271   Thumb Code     2  startup_lpc17xx.o(.text)
    BusFault_Handler                         0x00000273   Thumb Code     2  startup_lpc17xx.o(.text)
    UsageFault_Handler                       0x00000275   Thumb Code     2  startup_lpc17xx.o(.text)
    SVC_Handler                              0x00000277   Thumb Code     2  startup_lpc17xx.o(.text)
    DebugMon_Handler                         0x00000279   Thumb Code     2  startup_lpc17xx.o(.text)
    PendSV_Handler                           0x0000027b   Thumb Code     2  startup_lpc17xx.o(.text)
    SysTick_Handler                          0x0000027d   Thumb Code     2  startup_lpc17xx.o(.text)
    ADC_IRQHandler                           0x0000027f   Thumb Code     0  startup_lpc17xx.o(.text)
    BOD_IRQHandler                           0x0000027f   Thumb Code     0  startup_lpc17xx.o(.text)
    CANActivity_IRQHandler                   0x0000027f   Thumb Code     0  startup_lpc17xx.o(.text)
    CAN_IRQHandler                           0x0000027f   Thumb Code     0  startup_lpc17xx.o(.text)
    DMA_IRQHandler                           0x0000027f   Thumb Code     0  startup_lpc17xx.o(.text)
    EINT0_IRQHandler                         0x0000027f   Thumb Code     0  startup_lpc17xx.o(.text)
    EINT1_IRQHandler                         0x0000027f   Thumb Code     0  startup_lpc17xx.o(.text)
    EINT2_IRQHandler                         0x0000027f   Thumb Code     0  startup_lpc17xx.o(.text)
    EINT3_IRQHandler                         0x0000027f   Thumb Code     0  startup_lpc17xx.o(.text)
    ENET_IRQHandler                          0x0000027f   Thumb Code     0  startup_lpc17xx.o(.text)
    I2C0_IRQHandler                          0x0000027f   Thumb Code     0  startup_lpc17xx.o(.text)
    I2C1_IRQHandler                          0x0000027f   Thumb Code     0  startup_lpc17xx.o(.text)
    I2C2_IRQHandler                          0x0000027f   Thumb Code     0  startup_lpc17xx.o(.text)
    I2S_IRQHandler                           0x0000027f   Thumb Code     0  startup_lpc17xx.o(.text)
    MCPWM_IRQHandler                         0x0000027f   Thumb Code     0  startup_lpc17xx.o(.text)
    PLL0_IRQHandler                          0x0000027f   Thumb Code     0  startup_lpc17xx.o(.text)
    PLL1_IRQHandler                          0x0000027f   Thumb Code     0  startup_lpc17xx.o(.text)
    PWM1_IRQHandler                          0x0000027f   Thumb Code     0  startup_lpc17xx.o(.text)
    QEI_IRQHandler                           0x0000027f   Thumb Code     0  startup_lpc17xx.o(.text)
    RIT_IRQHandler                           0x0000027f   Thumb Code     0  startup_lpc17xx.o(.text)
    RTC_IRQHandler                           0x0000027f   Thumb Code     0  startup_lpc17xx.o(.text)
    SPI_IRQHandler                           0x0000027f   Thumb Code     0  startup_lpc17xx.o(.text)
    SSP0_IRQHandler                          0x0000027f   Thumb Code     0  startup_lpc17xx.o(.text)
    SSP1_IRQHandler                          0x0000027f   Thumb Code     0  startup_lpc17xx.o(.text)
    USBActivity_IRQHandler                   0x0000027f   Thumb Code     0  startup_lpc17xx.o(.text)
    USB_IRQHandler                           0x0000027f   Thumb Code     0  startup_lpc17xx.o(.text)
    WDT_IRQHandler                           0x0000027f   Thumb Code     0  startup_lpc17xx.o(.text)
    __user_initial_stackheap                 0x00000281   Thumb Code     0  startup_lpc17xx.o(.text)
    __rt_ctype_table                         0x000002a1   Thumb Code    16  rt_ctype_table.o(.text)
    __aeabi_ldivmod                          0x000002b1   Thumb Code     0  llsdiv.o(.text)
    _ll_sdiv                                 0x000002b1   Thumb Code    72  llsdiv.o(.text)
    __I$use$semihosting                      0x000002f9   Thumb Code     0  use_no_semi.o(.text)
    __use_no_semihosting_swi                 0x000002f9   Thumb Code     2  use_no_semi.o(.text)
    __I$use$fp                               0x000002fa   Number         0  usenofp.o(x$fpl$usenofp)
    __semihosting_library_function           0x000002fb   Thumb Code     0  indicate_semi.o(.text)
    main                                     0x00000301   Thumb Code    96  main.o(.text)
    UART0_Init                               0x00000375   Thumb Code    72  uart.o(.text)
    putch                                    0x000003bd   Thumb Code    58  uart.o(.text)
    u0putch                                  0x000003f7   Thumb Code    20  uart.o(.text)
    Print_String                             0x0000040b   Thumb Code    22  uart.o(.text)
    Uart_Printf                              0x00000421   Thumb Code    36  uart.o(.text)
    printU32                                 0x00000445   Thumb Code   300  uart.o(.text)
    print_float                              0x00000571   Thumb Code   164  uart.o(.text)
    UART0_IRQHandler                         0x00000615   Thumb Code   132  uart.o(.text)
    CharConvert                              0x000006dd   Thumb Code    30  command.o(.text)
    Check                                    0x000006fb   Thumb Code  3150  command.o(.text)
    sensor_check                             0x000013e1   Thumb Code   246  control.o(.text)
    Motor_init                               0x000014d7   Thumb Code    56  control.o(.text)
    Cylinder10_Off                           0x0000150f   Thumb Code    14  control.o(.text)
    ION_OFF                                  0x0000151d   Thumb Code    32  control.o(.text)
    Cylinder4_Off                            0x0000153d   Thumb Code    14  control.o(.text)
    Cylinder3_On                             0x0000154b   Thumb Code    14  control.o(.text)
    PUSHOFF                                  0x00001559   Thumb Code    74  control.o(.text)
    Cylinder8_Off                            0x000015a3   Thumb Code    14  control.o(.text)
    Cylinder7_On                             0x000015b1   Thumb Code    14  control.o(.text)
    HOLDERON                                 0x000015bf   Thumb Code    96  control.o(.text)
    Cylinder6_Off                            0x0000161f   Thumb Code    14  control.o(.text)
    Cylinder5_On                             0x0000162d   Thumb Code    14  control.o(.text)
    HOLDERUP                                 0x0000163b   Thumb Code    80  control.o(.text)
    Cylinder2_Off                            0x0000168b   Thumb Code    14  control.o(.text)
    LEDOFF                                   0x00001699   Thumb Code     8  control.o(.text)
    Cylinder9_On                             0x000016a1   Thumb Code    14  control.o(.text)
    CM_PW_ON                                 0x000016af   Thumb Code     8  control.o(.text)
    Cylinder11_Off                           0x000016b7   Thumb Code    14  control.o(.text)
    BLOW_MIRRORON                            0x000016c5   Thumb Code     8  control.o(.text)
    Cylinder1_Off                            0x000016cd   Thumb Code    14  control.o(.text)
    VACOFF                                   0x000016db   Thumb Code     8  control.o(.text)
    fixture_init                             0x000016e3   Thumb Code   734  control.o(.text)
    PadUP                                    0x000019c1   Thumb Code    72  control.o(.text)
    PadDown                                  0x00001a09   Thumb Code    72  control.o(.text)
    Cylinder1_On                             0x00001a51   Thumb Code    14  control.o(.text)
    Cylinder2_On                             0x00001a5f   Thumb Code    14  control.o(.text)
    Cylinder3_Off                            0x00001a6d   Thumb Code    14  control.o(.text)
    Cylinder4_On                             0x00001a7b   Thumb Code    14  control.o(.text)
    Cylinder5_Off                            0x00001a89   Thumb Code    14  control.o(.text)
    Cylinder6_On                             0x00001a97   Thumb Code    14  control.o(.text)
    Cylinder7_Off                            0x00001aa5   Thumb Code    14  control.o(.text)
    Cylinder8_On                             0x00001ab3   Thumb Code    14  control.o(.text)
    Cylinder9_Off                            0x00001ac1   Thumb Code    14  control.o(.text)
    Cylinder10_On                            0x00001acf   Thumb Code    14  control.o(.text)
    Cylinder11_On                            0x00001add   Thumb Code    14  control.o(.text)
    Cylinder12_On                            0x00001aeb   Thumb Code    14  control.o(.text)
    Cylinder12_Off                           0x00001af9   Thumb Code    14  control.o(.text)
    Cylinder13_On                            0x00001b07   Thumb Code    14  control.o(.text)
    Cylinder13_Off                           0x00001b15   Thumb Code    14  control.o(.text)
    Cylinder14_On                            0x00001b23   Thumb Code    14  control.o(.text)
    Cylinder14_Off                           0x00001b31   Thumb Code    14  control.o(.text)
    Cylinder15_On                            0x00001b3f   Thumb Code    14  control.o(.text)
    Cylinder15_Off                           0x00001b4d   Thumb Code    14  control.o(.text)
    Cylinder16_On                            0x00001b5b   Thumb Code    14  control.o(.text)
    Cylinder16_Off                           0x00001b69   Thumb Code    14  control.o(.text)
    VACON                                    0x00001b77   Thumb Code     8  control.o(.text)
    LEDON                                    0x00001b7f   Thumb Code     8  control.o(.text)
    PUSHON                                   0x00001b87   Thumb Code    92  control.o(.text)
    HOLDERDOWN                               0x00001be3   Thumb Code    80  control.o(.text)
    HOLDEROFF                                0x00001c33   Thumb Code    80  control.o(.text)
    CM_PW_OFF                                0x00001c83   Thumb Code     8  control.o(.text)
    ION_ON                                   0x00001c8b   Thumb Code    26  control.o(.text)
    BLOW_MIRROROFF                           0x00001ca5   Thumb Code     8  control.o(.text)
    Move_Test_LC                             0x00001cad   Thumb Code    36  control.o(.text)
    Move_Ready_LC                            0x00001cd1   Thumb Code    44  control.o(.text)
    reset                                    0x00001cfd   Thumb Code   420  control.o(.text)
    Help                                     0x00001ea1   Thumb Code  1276  control.o(.text)
    set_vtorch_fw_number                     0x0000239d   Thumb Code   240  control.o(.text)
    ver                                      0x0000248d   Thumb Code    22  control.o(.text)
    Writeid                                  0x000024a3   Thumb Code   852  control.o(.text)
    UnitID                                   0x000027f7   Thumb Code    72  control.o(.text)
    set_hw_number                            0x0000283f   Thumb Code   290  control.o(.text)
    set_fw_number                            0x00002961   Thumb Code   292  control.o(.text)
    GetStringNum                             0x00002a85   Thumb Code    72  control.o(.text)
    key_scan                                 0x00002acd   Thumb Code   264  control.o(.text)
    GO_HOME                                  0x00002bd5   Thumb Code   190  control.o(.text)
    SetZS                                    0x00002c93   Thumb Code   222  control.o(.text)
    GetZS                                    0x00002d71   Thumb Code    26  control.o(.text)
    Set_Motor_Initial_Position               0x00002d8b   Thumb Code    12  control.o(.text)
    Up_N                                     0x00002d97   Thumb Code    48  control.o(.text)
    Motor_Test                               0x00002dc7   Thumb Code    60  control.o(.text)
    I2C_Delay                                0x00002e3d   Thumb Code    12  iic.o(.text)
    SDA                                      0x00002e49   Thumb Code    22  iic.o(.text)
    I2C_Init                                 0x00002e5f   Thumb Code    90  iic.o(.text)
    I2C_Start                                0x00002eb9   Thumb Code   156  iic.o(.text)
    I2C_Write                                0x00002f55   Thumb Code   176  iic.o(.text)
    I2C_GetAck                               0x00003005   Thumb Code   126  iic.o(.text)
    I2C_Stop                                 0x00003083   Thumb Code   128  iic.o(.text)
    I2C_Puts                                 0x00003103   Thumb Code    28  iic.o(.text)
    I2C_PutAck                               0x0000311f   Thumb Code   160  iic.o(.text)
    I2C_Read                                 0x000031bf   Thumb Code   148  iic.o(.text)
    AT24C128_R                               0x00003255   Thumb Code    78  24c128.o(.text)
    Get_Z_Initial_Position                   0x000032a3   Thumb Code    46  24c128.o(.text)
    GetZSValue                               0x000032d1   Thumb Code    46  24c128.o(.text)
    Read_Ready_LC                            0x000032ff   Thumb Code    50  24c128.o(.text)
    Read_Test_LC                             0x00003331   Thumb Code    50  24c128.o(.text)
    AT24C128_R_P                             0x00003363   Thumb Code    40  24c128.o(.text)
    init_config                              0x0000338b   Thumb Code   290  24c128.o(.text)
    IICDelay                                 0x000034ad   Thumb Code    12  24c128.o(.text)
    AT24C128_W                               0x000034b9   Thumb Code    68  24c128.o(.text)
    AT24C128_W_P                             0x000034fd   Thumb Code    88  24c128.o(.text)
    eepromtest                               0x00003555   Thumb Code   124  24c128.o(.text)
    eepromwrite                              0x000035d1   Thumb Code    52  24c128.o(.text)
    eepromread                               0x00003605   Thumb Code    74  24c128.o(.text)
    Save_Test_LC                             0x0000364f   Thumb Code    78  24c128.o(.text)
    Save_Ready_LC                            0x0000369d   Thumb Code    78  24c128.o(.text)
    SaveZS                                   0x000036eb   Thumb Code   220  24c128.o(.text)
    Get_Motor_Initial_Position               0x000037c7   Thumb Code    28  24c128.o(.text)
    Set_Z_Initial_Position                   0x000037e3   Thumb Code    82  24c128.o(.text)
    delay_init                               0x00003839   Thumb Code    18  delay.o(.text)
    delay_ms                                 0x0000384b   Thumb Code    84  delay.o(.text)
    delay_us                                 0x0000389f   Thumb Code    56  delay.o(.text)
    Delay_US                                 0x000038d7   Thumb Code    18  delay.o(.text)
    Delay_MS                                 0x000038e9   Thumb Code    20  delay.o(.text)
    Sensor_IO_Init                           0x00003905   Thumb Code    84  io.o(.text)
    Start_IO_Init                            0x00003959   Thumb Code    36  io.o(.text)
    Relay_IO_Init                            0x0000397d   Thumb Code    36  io.o(.text)
    Cylinder_IO_Init                         0x000039a1   Thumb Code    70  io.o(.text)
    MOTOR_IO_Init                            0x000039e7   Thumb Code    36  io.o(.text)
    RS485_IO_Init                            0x00003a0b   Thumb Code    26  io.o(.text)
    IO_Init                                  0x00003a25   Thumb Code    24  io.o(.text)
    UART1_Init                               0x00003a51   Thumb Code    74  uart1.o(.text)
    Uart1_putch                              0x00003a9b   Thumb Code    64  uart1.o(.text)
    Uart1_Print_String                       0x00003adb   Thumb Code    22  uart1.o(.text)
    Uart1_Printf                             0x00003af1   Thumb Code    36  uart1.o(.text)
    UART1_IRQHandler                         0x00003b15   Thumb Code    82  uart1.o(.text)
    delayMs                                  0x00003b81   Thumb Code   202  timer.o(.text)
    TIMER0_IRQHandler                        0x00003c4b   Thumb Code    76  timer.o(.text)
    TIMER1_IRQHandler                        0x00003c97   Thumb Code    30  timer.o(.text)
    TIMER2_IRQHandler                        0x00003cb5   Thumb Code    64  timer.o(.text)
    TIMER3_IRQHandler                        0x00003cf5   Thumb Code    18  timer.o(.text)
    enable_timer                             0x00003d07   Thumb Code    48  timer.o(.text)
    disable_timer                            0x00003d37   Thumb Code    48  timer.o(.text)
    reset_timer                              0x00003d67   Thumb Code    66  timer.o(.text)
    init_timer                               0x00003da9   Thumb Code   152  timer.o(.text)
    ChrToInt                                 0x00003e75   Thumb Code    52  toyocontrol.o(.text)
    Clear_Rx_String                          0x00003ea9   Thumb Code    28  toyocontrol.o(.text)
    StringCompare                            0x00003ec5   Thumb Code    46  toyocontrol.o(.text)
    Get_Send_Command                         0x00003ef3   Thumb Code   110  toyocontrol.o(.text)
    Toyo_Set_ServoON                         0x00003f61   Thumb Code    32  toyocontrol.o(.text)
    Toyo_Set_ServoOFF                        0x00003f81   Thumb Code    32  toyocontrol.o(.text)
    Toyo_Go_Origin                           0x00003fa1   Thumb Code    32  toyocontrol.o(.text)
    Get_Send_WData                           0x00003fc1   Thumb Code    98  toyocontrol.o(.text)
    Toyo_Set_Speed                           0x00004023   Thumb Code   138  toyocontrol.o(.text)
    Toyo_Set_ClearArm                        0x000040ad   Thumb Code    32  toyocontrol.o(.text)
    Get_Send_Flag                            0x000040cd   Thumb Code    66  toyocontrol.o(.text)
    Toyo_Read_CurrentStatus                  0x0000410f   Thumb Code    98  toyocontrol.o(.text)
    Toyo_Read_CurrentPoint                   0x00004171   Thumb Code   162  toyocontrol.o(.text)
    Toyo_Read_ErrorCode                      0x00004213   Thumb Code   100  toyocontrol.o(.text)
    Toyo_Go_AssignPoint                      0x00004277   Thumb Code   456  toyocontrol.o(.text)
    ServoInitialize                          0x00004445   Thumb Code   128  repeathandle.o(.text)
    ServoGoOrigin                            0x000044c5   Thumb Code    46  repeathandle.o(.text)
    ServoSetSpeed                            0x000044f3   Thumb Code    50  repeathandle.o(.text)
    ServoGoAssignPoint                       0x00004525   Thumb Code    64  repeathandle.o(.text)
    read_home_status                         0x00004565   Thumb Code   184  repeathandle.o(.text)
    Time_Order_Handle                        0x0000461d   Thumb Code   408  repeathandle.o(.text)
    Toyo_Read_Motor_LC_Status                0x000047b5   Thumb Code   452  repeathandle.o(.text)
    Iabs                                     0x00004979   Thumb Code    16  repeathandle.o(.text)
    UART2_Init                               0x000049a1   Thumb Code    82  uart2.o(.text)
    UART2_SendByte                           0x000049f3   Thumb Code    20  uart2.o(.text)
    Uart2_Print_String                       0x00004a07   Thumb Code   232  uart2.o(.text)
    UART2_SendDat                            0x00004aef   Thumb Code    54  uart2.o(.text)
    Uart2_Printf                             0x00004b25   Thumb Code    36  uart2.o(.text)
    UART2_Get_String                         0x00004b49   Thumb Code   244  uart2.o(.text)
    UART2_IRQHandler                         0x00004c3d   Thumb Code    66  uart2.o(.text)
    I2C1_Delay                               0x00004ca9   Thumb Code    12  iic1.o(.text)
    SDA1                                     0x00004cb5   Thumb Code    22  iic1.o(.text)
    I2C1_Init                                0x00004ccb   Thumb Code    90  iic1.o(.text)
    I2C1_Start                               0x00004d25   Thumb Code   156  iic1.o(.text)
    I2C1_Write                               0x00004dc1   Thumb Code   176  iic1.o(.text)
    I2C1_GetAck                              0x00004e71   Thumb Code   126  iic1.o(.text)
    I2C1_Stop                                0x00004eef   Thumb Code   128  iic1.o(.text)
    I2C1_Puts                                0x00004f6f   Thumb Code    28  iic1.o(.text)
    I2C1_PutAck                              0x00004f8b   Thumb Code   160  iic1.o(.text)
    I2C1_Read                                0x0000502b   Thumb Code   148  iic1.o(.text)
    I2C2_Delay                               0x000050c1   Thumb Code    12  iic2.o(.text)
    SDA2                                     0x000050cd   Thumb Code    22  iic2.o(.text)
    I2C2_Init                                0x000050e3   Thumb Code    90  iic2.o(.text)
    I2C2_Start                               0x0000513d   Thumb Code   156  iic2.o(.text)
    I2C2_Write                               0x000051d9   Thumb Code   176  iic2.o(.text)
    I2C2_GetAck                              0x00005289   Thumb Code   126  iic2.o(.text)
    I2C2_Stop                                0x00005307   Thumb Code   128  iic2.o(.text)
    I2C2_Puts                                0x00005387   Thumb Code    28  iic2.o(.text)
    I2C2_PutAck                              0x000053a3   Thumb Code   160  iic2.o(.text)
    I2C2_Read                                0x00005443   Thumb Code   148  iic2.o(.text)
    PCA9655E_Init                            0x000054d9   Thumb Code   160  pca9655e.o(.text)
    PCA9655E_OUT                             0x00005579   Thumb Code   130  pca9655e.o(.text)
    PCA9655E_Input                           0x000055fb   Thumb Code    66  pca9655e.o(.text)
    UART3_Init                               0x00005645   Thumb Code    74  uart3.o(.text)
    Uart3_putch                              0x0000568f   Thumb Code    64  uart3.o(.text)
    Uart3_Print_String                       0x000056cf   Thumb Code    22  uart3.o(.text)
    Uart3_Printf                             0x000056e5   Thumb Code    36  uart3.o(.text)
    UART3_IRQHandler                         0x00005709   Thumb Code    82  uart3.o(.text)
    SystemCoreClockUpdate                    0x00005775   Thumb Code   306  system_lpc17xx.o(.text)
    SystemInit                               0x000058a7   Thumb Code   292  system_lpc17xx.o(.text)
    __c89vsprintf                            0x000059e9   Thumb Code    32  c89vsprintf.o(.text)
    __2printf                                0x00005a0d   Thumb Code    20  __2printf.o(.text)
    _printf_int_dec                          0x00005a25   Thumb Code   104  _printf_dec.o(.text)
    __printf                                 0x00005a9d   Thumb Code   388  __printf_flags_ss_wp.o(.text)
    __0sscanf                                0x00005c25   Thumb Code    52  __0sscanf.o(.text)
    _scanf_int                               0x00005c61   Thumb Code   332  _scanf_int.o(.text)
    strlen                                   0x00005dad   Thumb Code    62  strlen.o(.text)
    strncmp                                  0x00005deb   Thumb Code   150  strncmp.o(.text)
    __aeabi_memcpy4                          0x00005e81   Thumb Code     0  rt_memcpy_w.o(.text)
    __aeabi_memcpy8                          0x00005e81   Thumb Code     0  rt_memcpy_w.o(.text)
    __rt_memcpy_w                            0x00005e81   Thumb Code   100  rt_memcpy_w.o(.text)
    _memcpy_lastbytes_aligned                0x00005ec9   Thumb Code     0  rt_memcpy_w.o(.text)
    __aeabi_memclr4                          0x00005ee5   Thumb Code     0  rt_memclr_w.o(.text)
    __aeabi_memclr8                          0x00005ee5   Thumb Code     0  rt_memclr_w.o(.text)
    __rt_memclr_w                            0x00005ee5   Thumb Code    78  rt_memclr_w.o(.text)
    _memset_w                                0x00005ee9   Thumb Code     0  rt_memclr_w.o(.text)
    strcmp                                   0x00005f35   Thumb Code   128  strcmpv7m.o(.text)
    __use_two_region_memory                  0x00005fb5   Thumb Code     2  heapauxi.o(.text)
    __rt_heap_escrow                         0x00005fb7   Thumb Code     2  heapauxi.o(.text)
    __rt_heap_expand                         0x00005fb9   Thumb Code     2  heapauxi.o(.text)
    __rt_locale                              0x00005fbd   Thumb Code     8  rt_locale_intlibspace.o(.text)
    __aeabi_uldivmod                         0x00005fc5   Thumb Code     0  lludivv7m.o(.text)
    _ll_udiv                                 0x00005fc5   Thumb Code   238  lludivv7m.o(.text)
    __read_errno                             0x000060b3   Thumb Code    10  _rserrno.o(.text)
    __set_errno                              0x000060bd   Thumb Code    12  _rserrno.o(.text)
    _printf_pre_padding                      0x000060c9   Thumb Code    44  _printf_pad.o(.text)
    _printf_post_padding                     0x000060f5   Thumb Code    34  _printf_pad.o(.text)
    _printf_truncate_signed                  0x00006117   Thumb Code    18  _printf_truncate.o(.text)
    _printf_truncate_unsigned                0x00006129   Thumb Code    18  _printf_truncate.o(.text)
    _printf_str                              0x0000613b   Thumb Code    82  _printf_str.o(.text)
    _printf_int_common                       0x0000618d   Thumb Code   178  _printf_intcommon.o(.text)
    _printf_charcount                        0x0000623f   Thumb Code    40  _printf_charcount.o(.text)
    _printf_char_common                      0x00006273   Thumb Code    32  _printf_char_common.o(.text)
    _sputc                                   0x00006299   Thumb Code    10  _sputc.o(.text)
    _printf_char_file                        0x000062a5   Thumb Code    32  _printf_char_file.o(.text)
    _printf_wctomb                           0x000062c9   Thumb Code   182  _printf_wctomb.o(.text)
    _printf_longlong_dec                     0x00006385   Thumb Code   108  _printf_longlong_dec.o(.text)
    _printf_longlong_oct                     0x00006401   Thumb Code    68  _printf_oct_int_ll.o(.text)
    _printf_int_oct                          0x00006445   Thumb Code    24  _printf_oct_int_ll.o(.text)
    _printf_ll_oct                           0x0000645d   Thumb Code    12  _printf_oct_int_ll.o(.text)
    _printf_longlong_hex                     0x00006471   Thumb Code    86  _printf_hex_int_ll_ptr.o(.text)
    _printf_int_hex                          0x000064c7   Thumb Code    28  _printf_hex_int_ll_ptr.o(.text)
    _printf_ll_hex                           0x000064e3   Thumb Code    12  _printf_hex_int_ll_ptr.o(.text)
    _printf_hex_ptr                          0x000064ef   Thumb Code    18  _printf_hex_int_ll_ptr.o(.text)
    _chval                                   0x00006505   Thumb Code    28  _chval.o(.text)
    __vfscanf_char                           0x0000652d   Thumb Code    24  scanf_char.o(.text)
    _sgetc                                   0x0000654d   Thumb Code    30  _sgetc.o(.text)
    _sbackspace                              0x0000656b   Thumb Code    34  _sgetc.o(.text)
    __user_libspace                          0x0000658d   Thumb Code     8  libspace.o(.text)
    __user_perproc_libspace                  0x0000658d   Thumb Code     0  libspace.o(.text)
    __user_perthread_libspace                0x0000658d   Thumb Code     0  libspace.o(.text)
    __aeabi_errno_addr                       0x00006595   Thumb Code     8  rt_errno_addr_intlibspace.o(.text)
    __errno$intlibspace                      0x00006595   Thumb Code     0  rt_errno_addr_intlibspace.o(.text)
    __rt_errno_addr$intlibspace              0x00006595   Thumb Code     0  rt_errno_addr_intlibspace.o(.text)
    _ll_udiv10                               0x0000659d   Thumb Code   138  lludiv10.o(.text)
    isspace                                  0x00006627   Thumb Code    18  isspace.o(.text)
    __lib_sel_fp_printf                      0x00006639   Thumb Code     2  _printf_fp_dec.o(.text)
    _printf_fp_dec_real                      0x000067e7   Thumb Code   620  _printf_fp_dec.o(.text)
    _printf_cs_common                        0x00006a53   Thumb Code    20  _printf_char.o(.text)
    _printf_char                             0x00006a67   Thumb Code    16  _printf_char.o(.text)
    _printf_string                           0x00006a77   Thumb Code     8  _printf_char.o(.text)
    _printf_lcs_common                       0x00006a7f   Thumb Code    20  _printf_wchar.o(.text)
    _printf_wchar                            0x00006a93   Thumb Code    16  _printf_wchar.o(.text)
    _printf_wstring                          0x00006aa3   Thumb Code     8  _printf_wchar.o(.text)
    __vfscanf                                0x00006aad   Thumb Code   878  _scanf.o(.text)
    ferror                                   0x00006e21   Thumb Code     8  ferror.o(.text)
    _initio                                  0x00006e29   Thumb Code   210  initio.o(.text)
    _terminateio                             0x00006efb   Thumb Code    56  initio.o(.text)
    _wcrtomb                                 0x00006f61   Thumb Code    64  _wcrtomb.o(.text)
    _sys_open                                0x00006fa1   Thumb Code    20  sys_io.o(.text)
    _sys_close                               0x00006fb5   Thumb Code    12  sys_io.o(.text)
    _sys_write                               0x00006fc1   Thumb Code    16  sys_io.o(.text)
    _sys_read                                0x00006fd1   Thumb Code    14  sys_io.o(.text)
    _sys_istty                               0x00006fdf   Thumb Code    12  sys_io.o(.text)
    _sys_seek                                0x00006feb   Thumb Code    14  sys_io.o(.text)
    _sys_ensure                              0x00006ff9   Thumb Code     2  sys_io.o(.text)
    _sys_flen                                0x00006ffb   Thumb Code    12  sys_io.o(.text)
    __user_setup_stackheap                   0x00007007   Thumb Code    74  sys_stackheap_outer.o(.text)
    free                                     0x00007051   Thumb Code    78  h1_free.o(.text)
    _printf_fp_infnan                        0x000070a1   Thumb Code   112  _printf_fp_infnan.o(.text)
    _btod_etento                             0x00007121   Thumb Code   216  bigflt0.o(.text)
    __flsbuf                                 0x000071fd   Thumb Code   470  flsbuf.o(.text)
    __flsbuf_byte                            0x000071fd   Thumb Code     0  flsbuf.o(.text)
    __flsbuf_wide                            0x000071fd   Thumb Code     0  flsbuf.o(.text)
    setvbuf                                  0x000073d3   Thumb Code    70  setvbuf.o(.text)
    freopen                                  0x00007419   Thumb Code   158  fopen.o(.text)
    fopen                                    0x000074b7   Thumb Code    74  fopen.o(.text)
    _fclose_internal                         0x00007505   Thumb Code    76  fclose.o(.text)
    fclose                                   0x00007505   Thumb Code     0  fclose.o(.text)
    exit                                     0x00007551   Thumb Code    18  exit.o(.text)
    __rt_SIGRTRED                            0x00007563   Thumb Code    14  defsig_rtred_outer.o(.text)
    __rt_heap_descriptor                     0x00007571   Thumb Code     8  rt_heap_descriptor_intlibspace.o(.text)
    __use_no_heap                            0x00007579   Thumb Code     2  hguard.o(.text)
    __heap$guard                             0x0000757b   Thumb Code     2  hguard.o(.text)
    _terminate_user_alloc                    0x0000757d   Thumb Code     2  init_alloc.o(.text)
    _init_user_alloc                         0x0000757f   Thumb Code     2  init_alloc.o(.text)
    __Heap_Full                              0x00007581   Thumb Code    34  init_alloc.o(.text)
    __Heap_Broken                            0x000075a3   Thumb Code     6  init_alloc.o(.text)
    _init_alloc                              0x000075a9   Thumb Code    94  init_alloc.o(.text)
    malloc                                   0x00007607   Thumb Code    94  h1_alloc.o(.text)
    _fseek                                   0x00007665   Thumb Code   242  fseek.o(.text)
    fseek                                    0x00007665   Thumb Code     0  fseek.o(.text)
    _seterr                                  0x0000775d   Thumb Code    20  stdio.o(.text)
    _writebuf                                0x00007771   Thumb Code    84  stdio.o(.text)
    _fflush                                  0x000077c5   Thumb Code    70  stdio.o(.text)
    _deferredlazyseek                        0x0000780b   Thumb Code    60  stdio.o(.text)
    __sig_exit                               0x0000784d   Thumb Code    10  defsig_exit.o(.text)
    __rt_SIGRTRED_inner                      0x00007859   Thumb Code    14  defsig_rtred_inner.o(.text)
    _sys_exit                                0x0000788d   Thumb Code     8  sys_exit.o(.text)
    __Heap_Initialize                        0x00007899   Thumb Code    10  h1_init.o(.text)
    __Heap_DescSize                          0x000078a3   Thumb Code     4  h1_init.o(.text)
    __Heap_ProvideMemory                     0x000078a7   Thumb Code    52  h1_extend.o(.text)
    _ftell_internal                          0x000078db   Thumb Code    66  ftell.o(.text)
    ftell                                    0x000078db   Thumb Code     0  ftell.o(.text)
    __default_signal_display                 0x0000791d   Thumb Code    50  defsig_general.o(.text)
    __rt_SIGRTMEM                            0x0000794f   Thumb Code    14  defsig_rtmem_outer.o(.text)
    _ttywrch                                 0x0000795d   Thumb Code    14  sys_wrch.o(.text)
    __rt_SIGRTMEM_inner                      0x0000796d   Thumb Code    22  defsig_rtmem_inner.o(.text)
    _btod_d2e                                0x000079bd   Thumb Code    62  btod.o(CL$$btod_d2e)
    _d2e_denorm_low                          0x000079fb   Thumb Code    70  btod.o(CL$$btod_d2e_denorm_low)
    _d2e_norm_op1                            0x00007a41   Thumb Code    96  btod.o(CL$$btod_d2e_norm_op1)
    __btod_div_common                        0x00007aa1   Thumb Code   696  btod.o(CL$$btod_div_common)
    _e2e                                     0x00007dd9   Thumb Code   198  btod.o(CL$$btod_e2e)
    _btod_ediv                               0x00007e9f   Thumb Code    40  btod.o(CL$$btod_ediv)
    _btod_emul                               0x00007ec7   Thumb Code    40  btod.o(CL$$btod_emul)
    __btod_mult_common                       0x00007eef   Thumb Code   580  btod.o(CL$$btod_mult_common)
    __ARM_fpclassify                         0x00008133   Thumb Code    40  fpclassify.o(i.__ARM_fpclassify)
    __kernel_poly                            0x0000815b   Thumb Code   170  poly.o(i.__kernel_poly)
    __mathlib_dbl_divzero                    0x00008205   Thumb Code    12  dunder.o(i.__mathlib_dbl_divzero)
    __mathlib_dbl_infnan2                    0x00008215   Thumb Code     4  dunder.o(i.__mathlib_dbl_infnan2)
    __mathlib_dbl_invalid                    0x00008219   Thumb Code    12  dunder.o(i.__mathlib_dbl_invalid)
    __mathlib_dbl_overflow                   0x00008225   Thumb Code    14  dunder.o(i.__mathlib_dbl_overflow)
    __mathlib_dbl_underflow                  0x00008235   Thumb Code    10  dunder.o(i.__mathlib_dbl_underflow)
    _is_digit                                0x00008245   Thumb Code    14  __printf_wp.o(i._is_digit)
    fputc                                    0x00008253   Thumb Code    26  fputc.o(i.fputc)
    pow                                      0x0000826d   Thumb Code  2512  pow.o(i.pow)
    sqrt                                     0x00008c45   Thumb Code    76  sqrt.o(i.sqrt)
    _get_lc_ctype                            0x00008c91   Thumb Code    44  lc_ctype_c.o(locale$$code)
    _get_lc_numeric                          0x00008cbd   Thumb Code    44  lc_numeric_c.o(locale$$code)
    __aeabi_d2f                              0x00008ce9   Thumb Code     0  d2f.o(x$fpl$d2f)
    _d2f                                     0x00008ce9   Thumb Code    98  d2f.o(x$fpl$d2f)
    __aeabi_dadd                             0x00008d4d   Thumb Code     0  daddsub_clz.o(x$fpl$dadd)
    _dadd                                    0x00008d4d   Thumb Code   332  daddsub_clz.o(x$fpl$dadd)
    __fpl_dcheck_NaN1                        0x00008e9d   Thumb Code    10  dcheck1.o(x$fpl$dcheck1)
    __fpl_dcmp_Inf                           0x00008ead   Thumb Code    24  dcmpi.o(x$fpl$dcmpinf)
    __aeabi_ddiv                             0x00008ec5   Thumb Code     0  ddiv.o(x$fpl$ddiv)
    _ddiv                                    0x00008ec5   Thumb Code   552  ddiv.o(x$fpl$ddiv)
    __aeabi_d2uiz                            0x00009175   Thumb Code     0  dfixu.o(x$fpl$dfixu)
    _dfixu                                   0x00009175   Thumb Code    90  dfixu.o(x$fpl$dfixu)
    __aeabi_i2d                              0x000091cf   Thumb Code     0  dflt_clz.o(x$fpl$dflt)
    _dflt                                    0x000091cf   Thumb Code    46  dflt_clz.o(x$fpl$dflt)
    __aeabi_ui2d                             0x000091fd   Thumb Code     0  dflt_clz.o(x$fpl$dfltu)
    _dfltu                                   0x000091fd   Thumb Code    38  dflt_clz.o(x$fpl$dfltu)
    __aeabi_cdcmple                          0x00009225   Thumb Code     0  dleqf.o(x$fpl$dleqf)
    _dcmple                                  0x00009225   Thumb Code   120  dleqf.o(x$fpl$dleqf)
    __fpl_dcmple_InfNaN                      0x00009287   Thumb Code     0  dleqf.o(x$fpl$dleqf)
    __aeabi_dmul                             0x0000929d   Thumb Code     0  dmul.o(x$fpl$dmul)
    _dmul                                    0x0000929d   Thumb Code   332  dmul.o(x$fpl$dmul)
    __fpl_dnaninf                            0x000093f1   Thumb Code   156  dnaninf.o(x$fpl$dnaninf)
    __fpl_dretinf                            0x0000948d   Thumb Code    12  dretinf.o(x$fpl$dretinf)
    __aeabi_cdrcmple                         0x00009499   Thumb Code     0  drleqf.o(x$fpl$drleqf)
    _drcmple                                 0x00009499   Thumb Code   108  drleqf.o(x$fpl$drleqf)
    __aeabi_drsub                            0x00009505   Thumb Code     0  daddsub_clz.o(x$fpl$drsb)
    _drsb                                    0x00009505   Thumb Code    22  daddsub_clz.o(x$fpl$drsb)
    _dsqrt                                   0x0000951d   Thumb Code   456  dsqrt_noumaal.o(x$fpl$dsqrt)
    __aeabi_dsub                             0x000096e9   Thumb Code     0  daddsub_clz.o(x$fpl$dsub)
    _dsub                                    0x000096e9   Thumb Code   464  daddsub_clz.o(x$fpl$dsub)
    __aeabi_f2d                              0x000098bd   Thumb Code     0  f2d.o(x$fpl$f2d)
    _f2d                                     0x000098bd   Thumb Code    86  f2d.o(x$fpl$f2d)
    __aeabi_f2uiz                            0x00009915   Thumb Code     0  ffixu.o(x$fpl$ffixu)
    _ffixu                                   0x00009915   Thumb Code    62  ffixu.o(x$fpl$ffixu)
    __fpl_fnaninf                            0x00009953   Thumb Code   140  fnaninf.o(x$fpl$fnaninf)
    __fpl_fretinf                            0x000099df   Thumb Code    10  fretinf.o(x$fpl$fretinf)
    _printf_fp_dec                           0x000099e9   Thumb Code     4  printf1.o(x$fpl$printf1)
    __fpl_return_NaN                         0x000099ed   Thumb Code   100  retnan.o(x$fpl$retnan)
    __ARM_scalbn                             0x00009a51   Thumb Code    92  scalbn.o(x$fpl$scalbn)
    __fpl_cmpreturn                          0x00009aad   Thumb Code    48  trapv.o(x$fpl$trapveneer)
    __mathlib_zero                           0x00009ba8   Data           8  qnan.o(.constdata)
    __stdin_name                             0x00009bb0   Data           4  sys_io.o(.constdata)
    __stdout_name                            0x00009bb4   Data           4  sys_io.o(.constdata)
    __stderr_name                            0x00009bb8   Data           4  sys_io.o(.constdata)
    Region$$Table$$Base                      0x00009c98   Number         0  anon$$obj.o(Region$$Table)
    Region$$Table$$Limit                     0x00009cb8   Number         0  anon$$obj.o(Region$$Table)
    __ctype                                  0x00009cc5   Data           0  lc_ctype_c.o(locale$$data)
    UART0Status                              0x10000000   Data           4  uart.o(.data)
    UART0TxEmpty                             0x10000004   Data           1  uart.o(.data)
    UART0Count                               0x10000008   Data           4  uart.o(.data)
    Uart0Flag                                0x1000000c   Data           1  uart.o(.data)
    debug_run_flag                           0x1000000d   Data           1  command.o(.data)
    Ion_flag                                 0x1000000e   Data           1  command.o(.data)
    sent_flag                                0x10000010   Data           1  control.o(.data)
    StartAFlag                               0x10000011   Data           1  control.o(.data)
    StartBFlag                               0x10000012   Data           1  control.o(.data)
    begain_flag                              0x10000013   Data           1  control.o(.data)
    holder_Y_flag                            0x10000014   Data           1  control.o(.data)
    holder_Z_flag                            0x10000015   Data           1  control.o(.data)
    RET                                      0x10000016   Data           1  control.o(.data)
    STEP                                     0x10000018   Data           4  control.o(.data)
    print                                    0x1000001c   Data           1  control.o(.data)
    Motor_Speed                              0x10000020   Data           4  control.o(.data)
    Ascill_16                                0x10000024   Data          16  control.o(.data)
    downflag                                 0x10000034   Data           1  control.o(.data)
    Z_Test_LC                                0x10000038   Data           4  control.o(.data)
    Z_Ready_LC                               0x1000003c   Data           4  control.o(.data)
    Initial_Zaxis_Plus                       0x10000040   Data           4  control.o(.data)
    hw_date                                  0x10000044   Data           4  control.o(.data)
    hw_ver_shi                               0x10000048   Data           1  control.o(.data)
    hw_ver_ge                                0x10000049   Data           1  control.o(.data)
    fw_date                                  0x1000004c   Data           4  control.o(.data)
    fw_ver_shi                               0x10000050   Data           1  control.o(.data)
    fw_ver_ge                                0x10000051   Data           1  control.o(.data)
    vtorch_fw_number                         0x10000054   Data           4  control.o(.data)
    UART1TxBuffer                            0x10000060   Data           4  uart1.o(.data)
    UART1TxCount                             0x10000064   Data           4  uart1.o(.data)
    UART1TxCurrentCount                      0x10000068   Data           4  uart1.o(.data)
    uart1_buf                                0x1000006c   Data          64  uart1.o(.data)
    uart1_index                              0x100000ac   Data           1  uart1.o(.data)
    uart1_flag                               0x100000ad   Data           1  uart1.o(.data)
    timer0_counter                           0x100000b0   Data           4  timer.o(.data)
    timer1_counter                           0x100000b4   Data           4  timer.o(.data)
    timer2_counter                           0x100000b8   Data           4  timer.o(.data)
    timer3_counter                           0x100000bc   Data           4  timer.o(.data)
    Rx_Flag                                  0x100000c0   Data           1  toyocontrol.o(.data)
    ServoBusyBit                             0x100000c4   Data           2  repeathandle.o(.data)
    ServoPauseBit                            0x100000c6   Data           2  repeathandle.o(.data)
    ServoReadyBit                            0x100000c8   Data           2  repeathandle.o(.data)
    ServoOriginBit                           0x100000ca   Data           2  repeathandle.o(.data)
    ServoOnBit                               0x100000cc   Data           2  repeathandle.o(.data)
    ServoErrorBit                            0x100000ce   Data           2  repeathandle.o(.data)
    ServoOrigin_reset                        0x100000d0   Data           2  repeathandle.o(.data)
    ServoOrigin_R                            0x100000d2   Data           2  repeathandle.o(.data)
    ServoOrigin_I                            0x100000d4   Data           2  repeathandle.o(.data)
    ServoMeddle_M                            0x100000d6   Data           2  repeathandle.o(.data)
    Servoendpoint_E                          0x100000d8   Data           2  repeathandle.o(.data)
    Servoendpoint_HOME                       0x100000da   Data           2  repeathandle.o(.data)
    ServoCurrPosition                        0x100000dc   Data           8  repeathandle.o(.data)
    ServoTarPosition                         0x100000e4   Data           8  repeathandle.o(.data)
    ServoOriginPosition                      0x100000ec   Data           8  repeathandle.o(.data)
    UART2Count                               0x100000f8   Data           4  uart2.o(.data)
    Uart2Flag                                0x100000fc   Data           1  uart2.o(.data)
    buf                                      0x100000fd   Data           1  pca9655e.o(.data)
    record0                                  0x100000fe   Data           1  pca9655e.o(.data)
    record1                                  0x100000ff   Data           1  pca9655e.o(.data)
    ADH4                                     0x10000100   Data           1  pca9655e.o(.data)
    UART3TxBuffer                            0x10000104   Data           4  uart3.o(.data)
    UART3TxCount                             0x10000108   Data           4  uart3.o(.data)
    UART3TxCurrentCount                      0x1000010c   Data           4  uart3.o(.data)
    uart3_buf                                0x10000110   Data          64  uart3.o(.data)
    uart3_index                              0x10000150   Data           1  uart3.o(.data)
    uart3_flag                               0x10000151   Data           1  uart3.o(.data)
    SystemCoreClock                          0x10000154   Data           4  system_lpc17xx.o(.data)
    __aeabi_stdin                            0x10000158   Data           4  stdio_streams.o(.data)
    __aeabi_stdout                           0x1000015c   Data           4  stdio_streams.o(.data)
    __aeabi_stderr                           0x10000160   Data           4  stdio_streams.o(.data)
    UART0Buffer                              0x10000164   Data          64  uart.o(.bss)
    config_buf                               0x100001a4   Data          50  24c128.o(.bss)
    Rx_String                                0x100001d6   Data         100  toyocontrol.o(.bss)
    UART2Buffer                              0x1000023a   Data          64  uart2.o(.bss)
    __stdin                                  0x1000027c   Data          84  stdio_streams.o(.bss)
    __stdout                                 0x100002d0   Data          84  stdio_streams.o(.bss)
    __stderr                                 0x10000324   Data          84  stdio_streams.o(.bss)
    __libspace_start                         0x10000378   Data          96  libspace.o(.bss)
    __temporary_stack_top$libspace           0x100003d8   Data           0  libspace.o(.bss)



==============================================================================

Memory Map of the image

  Image Entry point : 0x000000cd

  Load Region LR_IROM1 (Base: 0x00000000, Size: 0x00009f48, Max: 0x00080000, ABSOLUTE, COMPRESSED[0x00009e08])

    Execution Region ER_IROM1 (Base: 0x00000000, Size: 0x00009de4, Max: 0x00080000, ABSOLUTE)

    Base Addr    Size         Type   Attr      Idx    E Section Name        Object

    0x00000000   0x000000cc   Data   RO            3    RESET               startup_lpc17xx.o
    0x000000cc   0x00000008   Code   RO          693  * !!!main             c_w.l(__main.o)
    0x000000d4   0x00000034   Code   RO         1271    !!!scatter          c_w.l(__scatter.o)
    0x00000108   0x0000005a   Code   RO         1269    !!dczerorl2         c_w.l(__dczerorl2.o)
    0x00000162   0x00000002   PAD
    0x00000164   0x0000001c   Code   RO         1273    !!handler_zi        c_w.l(__scatter_zi.o)
    0x00000180   0x00000000   Code   RO          676    .ARM.Collect$$_printf_percent$$00000000  c_w.l(_printf_percent.o)
    0x00000180   0x00000006   Code   RO          791    .ARM.Collect$$_printf_percent$$00000001  c_w.l(_printf_n.o)
    0x00000186   0x00000006   Code   RO          793    .ARM.Collect$$_printf_percent$$00000002  c_w.l(_printf_p.o)
    0x0000018c   0x00000006   Code   RO          797    .ARM.Collect$$_printf_percent$$00000003  c_w.l(_printf_f.o)
    0x00000192   0x00000006   Code   RO          798    .ARM.Collect$$_printf_percent$$00000004  c_w.l(_printf_e.o)
    0x00000198   0x00000006   Code   RO          799    .ARM.Collect$$_printf_percent$$00000005  c_w.l(_printf_g.o)
    0x0000019e   0x00000006   Code   RO          800    .ARM.Collect$$_printf_percent$$00000006  c_w.l(_printf_a.o)
    0x000001a4   0x0000000a   Code   RO          805    .ARM.Collect$$_printf_percent$$00000007  c_w.l(_printf_ll.o)
    0x000001ae   0x00000006   Code   RO          795    .ARM.Collect$$_printf_percent$$00000008  c_w.l(_printf_i.o)
    0x000001b4   0x00000006   Code   RO          675    .ARM.Collect$$_printf_percent$$00000009  c_w.l(_printf_d.o)
    0x000001ba   0x00000006   Code   RO          796    .ARM.Collect$$_printf_percent$$0000000A  c_w.l(_printf_u.o)
    0x000001c0   0x00000006   Code   RO          794    .ARM.Collect$$_printf_percent$$0000000B  c_w.l(_printf_o.o)
    0x000001c6   0x00000006   Code   RO          792    .ARM.Collect$$_printf_percent$$0000000C  c_w.l(_printf_x.o)
    0x000001cc   0x00000006   Code   RO          802    .ARM.Collect$$_printf_percent$$0000000D  c_w.l(_printf_lli.o)
    0x000001d2   0x00000006   Code   RO          803    .ARM.Collect$$_printf_percent$$0000000E  c_w.l(_printf_lld.o)
    0x000001d8   0x00000006   Code   RO          804    .ARM.Collect$$_printf_percent$$0000000F  c_w.l(_printf_llu.o)
    0x000001de   0x00000006   Code   RO          809    .ARM.Collect$$_printf_percent$$00000010  c_w.l(_printf_llo.o)
    0x000001e4   0x00000006   Code   RO          810    .ARM.Collect$$_printf_percent$$00000011  c_w.l(_printf_llx.o)
    0x000001ea   0x0000000a   Code   RO          806    .ARM.Collect$$_printf_percent$$00000012  c_w.l(_printf_l.o)
    0x000001f4   0x00000006   Code   RO          789    .ARM.Collect$$_printf_percent$$00000013  c_w.l(_printf_c.o)
    0x000001fa   0x00000006   Code   RO          790    .ARM.Collect$$_printf_percent$$00000014  c_w.l(_printf_s.o)
    0x00000200   0x00000006   Code   RO          807    .ARM.Collect$$_printf_percent$$00000015  c_w.l(_printf_lc.o)
    0x00000206   0x00000006   Code   RO          808    .ARM.Collect$$_printf_percent$$00000016  c_w.l(_printf_ls.o)
    0x0000020c   0x00000004   Code   RO          801    .ARM.Collect$$_printf_percent$$00000017  c_w.l(_printf_percent_end.o)
    0x00000210   0x00000002   Code   RO         1103    .ARM.Collect$$libinit$$00000000  c_w.l(libinit.o)
    0x00000212   0x00000000   Code   RO          930    .ARM.Collect$$libinit$$00000002  c_w.l(libinit2.o)
    0x00000212   0x00000000   Code   RO          932    .ARM.Collect$$libinit$$00000004  c_w.l(libinit2.o)
    0x00000212   0x00000008   Code   RO          933    .ARM.Collect$$libinit$$00000005  c_w.l(libinit2.o)
    0x0000021a   0x00000000   Code   RO          935    .ARM.Collect$$libinit$$0000000A  c_w.l(libinit2.o)
    0x0000021a   0x00000000   Code   RO          937    .ARM.Collect$$libinit$$0000000C  c_w.l(libinit2.o)
    0x0000021a   0x00000000   Code   RO          939    .ARM.Collect$$libinit$$0000000E  c_w.l(libinit2.o)
    0x0000021a   0x00000006   Code   RO          940    .ARM.Collect$$libinit$$0000000F  c_w.l(libinit2.o)
    0x00000220   0x00000000   Code   RO          942    .ARM.Collect$$libinit$$00000011  c_w.l(libinit2.o)
    0x00000220   0x0000000c   Code   RO          943    .ARM.Collect$$libinit$$00000012  c_w.l(libinit2.o)
    0x0000022c   0x00000000   Code   RO          944    .ARM.Collect$$libinit$$00000013  c_w.l(libinit2.o)
    0x0000022c   0x00000000   Code   RO          946    .ARM.Collect$$libinit$$00000015  c_w.l(libinit2.o)
    0x0000022c   0x0000000a   Code   RO          947    .ARM.Collect$$libinit$$00000016  c_w.l(libinit2.o)
    0x00000236   0x00000000   Code   RO          948    .ARM.Collect$$libinit$$00000017  c_w.l(libinit2.o)
    0x00000236   0x00000000   Code   RO          950    .ARM.Collect$$libinit$$00000019  c_w.l(libinit2.o)
    0x00000236   0x00000000   Code   RO          952    .ARM.Collect$$libinit$$0000001B  c_w.l(libinit2.o)
    0x00000236   0x00000000   Code   RO          954    .ARM.Collect$$libinit$$0000001D  c_w.l(libinit2.o)
    0x00000236   0x00000000   Code   RO          956    .ARM.Collect$$libinit$$0000001F  c_w.l(libinit2.o)
    0x00000236   0x00000000   Code   RO          958    .ARM.Collect$$libinit$$00000021  c_w.l(libinit2.o)
    0x00000236   0x00000000   Code   RO          960    .ARM.Collect$$libinit$$00000023  c_w.l(libinit2.o)
    0x00000236   0x00000004   Code   RO          961    .ARM.Collect$$libinit$$00000024  c_w.l(libinit2.o)
    0x0000023a   0x00000000   Code   RO          962    .ARM.Collect$$libinit$$00000025  c_w.l(libinit2.o)
    0x0000023a   0x00000000   Code   RO          966    .ARM.Collect$$libinit$$0000002C  c_w.l(libinit2.o)
    0x0000023a   0x00000000   Code   RO          968    .ARM.Collect$$libinit$$0000002E  c_w.l(libinit2.o)
    0x0000023a   0x00000000   Code   RO          970    .ARM.Collect$$libinit$$00000030  c_w.l(libinit2.o)
    0x0000023a   0x00000000   Code   RO          972    .ARM.Collect$$libinit$$00000032  c_w.l(libinit2.o)
    0x0000023a   0x00000002   Code   RO          973    .ARM.Collect$$libinit$$00000033  c_w.l(libinit2.o)
    0x0000023c   0x00000002   Code   RO         1250    .ARM.Collect$$libshutdown$$00000000  c_w.l(libshutdown.o)
    0x0000023e   0x00000000   Code   RO         1105    .ARM.Collect$$libshutdown$$00000002  c_w.l(libshutdown2.o)
    0x0000023e   0x00000004   Code   RO         1106    .ARM.Collect$$libshutdown$$00000003  c_w.l(libshutdown2.o)
    0x00000242   0x00000000   Code   RO         1107    .ARM.Collect$$libshutdown$$00000004  c_w.l(libshutdown2.o)
    0x00000242   0x00000000   Code   RO         1110    .ARM.Collect$$libshutdown$$00000007  c_w.l(libshutdown2.o)
    0x00000242   0x00000000   Code   RO         1113    .ARM.Collect$$libshutdown$$0000000A  c_w.l(libshutdown2.o)
    0x00000242   0x00000000   Code   RO         1115    .ARM.Collect$$libshutdown$$0000000C  c_w.l(libshutdown2.o)
    0x00000242   0x00000000   Code   RO         1118    .ARM.Collect$$libshutdown$$0000000F  c_w.l(libshutdown2.o)
    0x00000242   0x00000002   Code   RO         1119    .ARM.Collect$$libshutdown$$00000010  c_w.l(libshutdown2.o)
    0x00000244   0x00000000   Code   RO          731    .ARM.Collect$$rtentry$$00000000  c_w.l(__rtentry.o)
    0x00000244   0x00000000   Code   RO          876    .ARM.Collect$$rtentry$$00000002  c_w.l(__rtentry2.o)
    0x00000244   0x00000006   Code   RO          888    .ARM.Collect$$rtentry$$00000004  c_w.l(__rtentry4.o)
    0x0000024a   0x00000000   Code   RO          878    .ARM.Collect$$rtentry$$00000009  c_w.l(__rtentry2.o)
    0x0000024a   0x00000004   Code   RO          879    .ARM.Collect$$rtentry$$0000000A  c_w.l(__rtentry2.o)
    0x0000024e   0x00000000   Code   RO          881    .ARM.Collect$$rtentry$$0000000C  c_w.l(__rtentry2.o)
    0x0000024e   0x00000008   Code   RO          882    .ARM.Collect$$rtentry$$0000000D  c_w.l(__rtentry2.o)
    0x00000256   0x00000002   Code   RO         1133    .ARM.Collect$$rtexit$$00000000  c_w.l(rtexit.o)
    0x00000258   0x00000000   Code   RO         1195    .ARM.Collect$$rtexit$$00000002  c_w.l(rtexit2.o)
    0x00000258   0x00000004   Code   RO         1196    .ARM.Collect$$rtexit$$00000003  c_w.l(rtexit2.o)
    0x0000025c   0x00000006   Code   RO         1197    .ARM.Collect$$rtexit$$00000004  c_w.l(rtexit2.o)
    0x00000262   0x00000002   PAD
    0x00000264   0x00000000   Code   RO         1203    .emb_text           c_w.l(maybetermalloc1.o)
    0x00000264   0x0000003c   Code   RO            5    .text               startup_lpc17xx.o
    0x000002a0   0x00000010   Code   RO          641    .text               c_w.l(rt_ctype_table.o)
    0x000002b0   0x00000048   Code   RO          643    .text               c_w.l(llsdiv.o)
    0x000002f8   0x00000002   Code   RO         1130    .text               c_w.l(use_no_semi.o)
    0x000002fa   0x00000000   Code   RO         1132    .text               c_w.l(indicate_semi.o)
    0x000002fa   0x00000000   Code   RO          844    x$fpl$usenofp       fz_ws.l(usenofp.o)
    0x000002fa   0x00000002   PAD
    0x000002fc   0x00000004   Code   RO            4    .ARM.__at_0x02FC    startup_lpc17xx.o
    0x00000300   0x00000074   Code   RO           16    .text               main.o
    0x00000374   0x00000368   Code   RO          115    .text               uart.o
    0x000006dc   0x00000d04   Code   RO          164    .text               command.o
    0x000013e0   0x00001a5c   Code   RO          204    .text               control.o
    0x00002e3c   0x00000416   Code   RO          248    .text               iic.o
    0x00003252   0x00000002   PAD
    0x00003254   0x000005e4   Code   RO          275    .text               24c128.o
    0x00003838   0x000000cc   Code   RO          306    .text               delay.o
    0x00003904   0x0000014c   Code   RO          332    .text               io.o
    0x00003a50   0x00000130   Code   RO          356    .text               uart1.o
    0x00003b80   0x000002f4   Code   RO          383    .text               timer.o
    0x00003e74   0x000005d0   Code   RO          408    .text               toyocontrol.o
    0x00004444   0x0000055c   Code   RO          431    .text               repeathandle.o
    0x000049a0   0x00000308   Code   RO          457    .text               uart2.o
    0x00004ca8   0x00000416   Code   RO          493    .text               iic1.o
    0x000050be   0x00000002   PAD
    0x000050c0   0x00000416   Code   RO          517    .text               iic2.o
    0x000054d6   0x00000002   PAD
    0x000054d8   0x0000016c   Code   RO          541    .text               pca9655e.o
    0x00005644   0x00000130   Code   RO          568    .text               uart3.o
    0x00005774   0x00000274   Code   RO          605    .text               system_lpc17xx.o
    0x000059e8   0x00000024   Code   RO          645    .text               c_w.l(c89vsprintf.o)
    0x00005a0c   0x00000018   Code   RO          647    .text               c_w.l(__2printf.o)
    0x00005a24   0x00000078   Code   RO          653    .text               c_w.l(_printf_dec.o)
    0x00005a9c   0x00000188   Code   RO          672    .text               c_w.l(__printf_flags_ss_wp.o)
    0x00005c24   0x0000003c   Code   RO          677    .text               c_w.l(__0sscanf.o)
    0x00005c60   0x0000014c   Code   RO          679    .text               c_w.l(_scanf_int.o)
    0x00005dac   0x0000003e   Code   RO          681    .text               c_w.l(strlen.o)
    0x00005dea   0x00000096   Code   RO          683    .text               c_w.l(strncmp.o)
    0x00005e80   0x00000064   Code   RO          685    .text               c_w.l(rt_memcpy_w.o)
    0x00005ee4   0x0000004e   Code   RO          687    .text               c_w.l(rt_memclr_w.o)
    0x00005f32   0x00000002   PAD
    0x00005f34   0x00000080   Code   RO          689    .text               c_w.l(strcmpv7m.o)
    0x00005fb4   0x00000006   Code   RO          691    .text               c_w.l(heapauxi.o)
    0x00005fba   0x00000002   PAD
    0x00005fbc   0x00000008   Code   RO          735    .text               c_w.l(rt_locale_intlibspace.o)
    0x00005fc4   0x000000ee   Code   RO          737    .text               c_w.l(lludivv7m.o)
    0x000060b2   0x00000016   Code   RO          739    .text               c_w.l(_rserrno.o)
    0x000060c8   0x0000004e   Code   RO          741    .text               c_w.l(_printf_pad.o)
    0x00006116   0x00000024   Code   RO          743    .text               c_w.l(_printf_truncate.o)
    0x0000613a   0x00000052   Code   RO          745    .text               c_w.l(_printf_str.o)
    0x0000618c   0x000000b2   Code   RO          747    .text               c_w.l(_printf_intcommon.o)
    0x0000623e   0x00000028   Code   RO          749    .text               c_w.l(_printf_charcount.o)
    0x00006266   0x00000002   PAD
    0x00006268   0x00000030   Code   RO          751    .text               c_w.l(_printf_char_common.o)
    0x00006298   0x0000000a   Code   RO          753    .text               c_w.l(_sputc.o)
    0x000062a2   0x00000002   PAD
    0x000062a4   0x00000024   Code   RO          755    .text               c_w.l(_printf_char_file.o)
    0x000062c8   0x000000bc   Code   RO          757    .text               c_w.l(_printf_wctomb.o)
    0x00006384   0x0000007c   Code   RO          760    .text               c_w.l(_printf_longlong_dec.o)
    0x00006400   0x00000070   Code   RO          766    .text               c_w.l(_printf_oct_int_ll.o)
    0x00006470   0x00000094   Code   RO          786    .text               c_w.l(_printf_hex_int_ll_ptr.o)
    0x00006504   0x0000001c   Code   RO          811    .text               c_w.l(_chval.o)
    0x00006520   0x0000002c   Code   RO          813    .text               c_w.l(scanf_char.o)
    0x0000654c   0x00000040   Code   RO          815    .text               c_w.l(_sgetc.o)
    0x0000658c   0x00000008   Code   RO          872    .text               c_w.l(libspace.o)
    0x00006594   0x00000008   Code   RO          897    .text               c_w.l(rt_errno_addr_intlibspace.o)
    0x0000659c   0x0000008a   Code   RO          899    .text               c_w.l(lludiv10.o)
    0x00006626   0x00000012   Code   RO          901    .text               c_w.l(isspace.o)
    0x00006638   0x0000041a   Code   RO          903    .text               c_w.l(_printf_fp_dec.o)
    0x00006a52   0x0000002c   Code   RO          907    .text               c_w.l(_printf_char.o)
    0x00006a7e   0x0000002c   Code   RO          909    .text               c_w.l(_printf_wchar.o)
    0x00006aaa   0x00000002   PAD
    0x00006aac   0x00000374   Code   RO          911    .text               c_w.l(_scanf.o)
    0x00006e20   0x00000008   Code   RO          913    .text               c_w.l(ferror.o)
    0x00006e28   0x00000138   Code   RO          919    .text               c_w.l(initio.o)
    0x00006f60   0x00000040   Code   RO          927    .text               c_w.l(_wcrtomb.o)
    0x00006fa0   0x00000066   Code   RO          980    .text               c_w.l(sys_io.o)
    0x00007006   0x0000004a   Code   RO          987    .text               c_w.l(sys_stackheap_outer.o)
    0x00007050   0x0000004e   Code   RO          993    .text               c_w.l(h1_free.o)
    0x0000709e   0x00000002   PAD
    0x000070a0   0x00000080   Code   RO         1047    .text               c_w.l(_printf_fp_infnan.o)
    0x00007120   0x000000dc   Code   RO         1049    .text               c_w.l(bigflt0.o)
    0x000071fc   0x000001d6   Code   RO         1074    .text               c_w.l(flsbuf.o)
    0x000073d2   0x00000046   Code   RO         1076    .text               c_w.l(setvbuf.o)
    0x00007418   0x000000ec   Code   RO         1079    .text               c_w.l(fopen.o)
    0x00007504   0x0000004c   Code   RO         1081    .text               c_w.l(fclose.o)
    0x00007550   0x00000012   Code   RO         1090    .text               c_w.l(exit.o)
    0x00007562   0x0000000e   Code   RO         1092    .text               c_w.l(defsig_rtred_outer.o)
    0x00007570   0x00000008   Code   RO         1140    .text               c_w.l(rt_heap_descriptor_intlibspace.o)
    0x00007578   0x00000004   Code   RO         1142    .text               c_w.l(hguard.o)
    0x0000757c   0x0000008a   Code   RO         1144    .text               c_w.l(init_alloc.o)
    0x00007606   0x0000005e   Code   RO         1150    .text               c_w.l(h1_alloc.o)
    0x00007664   0x000000f8   Code   RO         1166    .text               c_w.l(fseek.o)
    0x0000775c   0x000000f0   Code   RO         1168    .text               c_w.l(stdio.o)
    0x0000784c   0x0000000a   Code   RO         1174    .text               c_w.l(defsig_exit.o)
    0x00007856   0x00000002   PAD
    0x00007858   0x00000034   Code   RO         1180    .text               c_w.l(defsig_rtred_inner.o)
    0x0000788c   0x0000000c   Code   RO         1192    .text               c_w.l(sys_exit.o)
    0x00007898   0x0000000e   Code   RO         1205    .text               c_w.l(h1_init.o)
    0x000078a6   0x00000034   Code   RO         1207    .text               c_w.l(h1_extend.o)
    0x000078da   0x00000042   Code   RO         1217    .text               c_w.l(ftell.o)
    0x0000791c   0x00000032   Code   RO         1225    .text               c_w.l(defsig_general.o)
    0x0000794e   0x0000000e   Code   RO         1229    .text               c_w.l(defsig_rtmem_outer.o)
    0x0000795c   0x0000000e   Code   RO         1240    .text               c_w.l(sys_wrch.o)
    0x0000796a   0x00000002   PAD
    0x0000796c   0x00000050   Code   RO         1244    .text               c_w.l(defsig_rtmem_inner.o)
    0x000079bc   0x0000003e   Code   RO         1052    CL$$btod_d2e        c_w.l(btod.o)
    0x000079fa   0x00000046   Code   RO         1054    CL$$btod_d2e_denorm_low  c_w.l(btod.o)
    0x00007a40   0x00000060   Code   RO         1053    CL$$btod_d2e_norm_op1  c_w.l(btod.o)
    0x00007aa0   0x00000338   Code   RO         1062    CL$$btod_div_common  c_w.l(btod.o)
    0x00007dd8   0x000000c6   Code   RO         1059    CL$$btod_e2e        c_w.l(btod.o)
    0x00007e9e   0x00000028   Code   RO         1056    CL$$btod_ediv       c_w.l(btod.o)
    0x00007ec6   0x00000028   Code   RO         1055    CL$$btod_emul       c_w.l(btod.o)
    0x00007eee   0x00000244   Code   RO         1061    CL$$btod_mult_common  c_w.l(btod.o)
    0x00008132   0x00000028   Code   RO          859    i.__ARM_fpclassify  m_ws.l(fpclassify.o)
    0x0000815a   0x000000aa   Code   RO          861    i.__kernel_poly     m_ws.l(poly.o)
    0x00008204   0x00000010   Code   RO          845    i.__mathlib_dbl_divzero  m_ws.l(dunder.o)
    0x00008214   0x00000004   Code   RO          847    i.__mathlib_dbl_infnan2  m_ws.l(dunder.o)
    0x00008218   0x0000000c   Code   RO          848    i.__mathlib_dbl_invalid  m_ws.l(dunder.o)
    0x00008224   0x0000000e   Code   RO          849    i.__mathlib_dbl_overflow  m_ws.l(dunder.o)
    0x00008232   0x00000002   PAD
    0x00008234   0x00000010   Code   RO          851    i.__mathlib_dbl_underflow  m_ws.l(dunder.o)
    0x00008244   0x0000000e   Code   RO          665    i._is_digit         c_w.l(__printf_wp.o)
    0x00008252   0x0000001a   Code   RO          916    i.fputc             c_w.l(fputc.o)
    0x0000826c   0x000009d8   Code   RO          722    i.pow               m_ws.l(pow.o)
    0x00008c44   0x0000004c   Code   RO          865    i.sqrt              m_ws.l(sqrt.o)
    0x00008c90   0x0000002c   Code   RO          824    locale$$code        c_w.l(lc_ctype_c.o)
    0x00008cbc   0x0000002c   Code   RO         1088    locale$$code        c_w.l(lc_numeric_c.o)
    0x00008ce8   0x00000062   Code   RO          695    x$fpl$d2f           fz_ws.l(d2f.o)
    0x00008d4a   0x00000002   PAD
    0x00008d4c   0x00000150   Code   RO          697    x$fpl$dadd          fz_ws.l(daddsub_clz.o)
    0x00008e9c   0x00000010   Code   RO          974    x$fpl$dcheck1       fz_ws.l(dcheck1.o)
    0x00008eac   0x00000018   Code   RO         1122    x$fpl$dcmpinf       fz_ws.l(dcmpi.o)
    0x00008ec4   0x000002b0   Code   RO          827    x$fpl$ddiv          fz_ws.l(ddiv.o)
    0x00009174   0x0000005a   Code   RO          703    x$fpl$dfixu         fz_ws.l(dfixu.o)
    0x000091ce   0x0000002e   Code   RO          708    x$fpl$dflt          fz_ws.l(dflt_clz.o)
    0x000091fc   0x00000026   Code   RO          707    x$fpl$dfltu         fz_ws.l(dflt_clz.o)
    0x00009222   0x00000002   PAD
    0x00009224   0x00000078   Code   RO          976    x$fpl$dleqf         fz_ws.l(dleqf.o)
    0x0000929c   0x00000154   Code   RO          713    x$fpl$dmul          fz_ws.l(dmul.o)
    0x000093f0   0x0000009c   Code   RO          830    x$fpl$dnaninf       fz_ws.l(dnaninf.o)
    0x0000948c   0x0000000c   Code   RO          832    x$fpl$dretinf       fz_ws.l(dretinf.o)
    0x00009498   0x0000006c   Code   RO          834    x$fpl$drleqf        fz_ws.l(drleqf.o)
    0x00009504   0x00000016   Code   RO          698    x$fpl$drsb          fz_ws.l(daddsub_clz.o)
    0x0000951a   0x00000002   PAD
    0x0000951c   0x000001cc   Code   RO          978    x$fpl$dsqrt         fz_ws.l(dsqrt_noumaal.o)
    0x000096e8   0x000001d4   Code   RO          699    x$fpl$dsub          fz_ws.l(daddsub_clz.o)
    0x000098bc   0x00000056   Code   RO          715    x$fpl$f2d           fz_ws.l(f2d.o)
    0x00009912   0x00000002   PAD
    0x00009914   0x0000003e   Code   RO          717    x$fpl$ffixu         fz_ws.l(ffixu.o)
    0x00009952   0x0000008c   Code   RO          836    x$fpl$fnaninf       fz_ws.l(fnaninf.o)
    0x000099de   0x0000000a   Code   RO          838    x$fpl$fretinf       fz_ws.l(fretinf.o)
    0x000099e8   0x00000004   Code   RO          840    x$fpl$printf1       fz_ws.l(printf1.o)
    0x000099ec   0x00000064   Code   RO         1128    x$fpl$retnan        fz_ws.l(retnan.o)
    0x00009a50   0x0000005c   Code   RO          842    x$fpl$scalbn        fz_ws.l(scalbn.o)
    0x00009aac   0x00000030   Code   RO         1188    x$fpl$trapveneer    fz_ws.l(trapv.o)
    0x00009adc   0x00000011   Data   RO          673    .constdata          c_w.l(__printf_flags_ss_wp.o)
    0x00009aed   0x00000003   PAD
    0x00009af0   0x00000088   Data   RO          723    .constdata          m_ws.l(pow.o)
    0x00009b78   0x00000008   Data   RO          758    .constdata          c_w.l(_printf_wctomb.o)
    0x00009b80   0x00000028   Data   RO          787    .constdata          c_w.l(_printf_hex_int_ll_ptr.o)
    0x00009ba8   0x00000008   Data   RO          863    .constdata          m_ws.l(qnan.o)
    0x00009bb0   0x00000004   Data   RO          981    .constdata          c_w.l(sys_io.o)
    0x00009bb4   0x00000004   Data   RO          982    .constdata          c_w.l(sys_io.o)
    0x00009bb8   0x00000004   Data   RO          983    .constdata          c_w.l(sys_io.o)
    0x00009bbc   0x00000094   Data   RO         1050    .constdata          c_w.l(bigflt0.o)
    0x00009c50   0x00000047   Data   RO          205    .conststring        control.o
    0x00009c97   0x00000001   PAD
    0x00009c98   0x00000020   Data   RO         1267    Region$$Table       anon$$obj.o
    0x00009cb8   0x00000110   Data   RO          823    locale$$data        c_w.l(lc_ctype_c.o)
    0x00009dc8   0x0000001c   Data   RO         1087    locale$$data        c_w.l(lc_numeric_c.o)


    Execution Region RW_IRAM1 (Base: 0x10000000, Size: 0x000005d8, Max: 0x00008000, ABSOLUTE, COMPRESSED[0x00000024])

    Base Addr    Size         Type   Attr      Idx    E Section Name        Object

    0x10000000   0x0000000d   Data   RW          117    .data               uart.o
    0x1000000d   0x00000002   Data   RW          165    .data               command.o
    0x1000000f   0x00000001   PAD
    0x10000010   0x00000048   Data   RW          206    .data               control.o
    0x10000058   0x00000008   Data   RW          307    .data               delay.o
    0x10000060   0x0000004e   Data   RW          357    .data               uart1.o
    0x100000ae   0x00000002   PAD
    0x100000b0   0x00000010   Data   RW          384    .data               timer.o
    0x100000c0   0x00000001   Data   RW          410    .data               toyocontrol.o
    0x100000c1   0x00000003   PAD
    0x100000c4   0x00000031   Data   RW          432    .data               repeathandle.o
    0x100000f5   0x00000003   PAD
    0x100000f8   0x00000005   Data   RW          459    .data               uart2.o
    0x100000fd   0x00000004   Data   RW          542    .data               pca9655e.o
    0x10000101   0x00000003   PAD
    0x10000104   0x0000004e   Data   RW          569    .data               uart3.o
    0x10000152   0x00000002   PAD
    0x10000154   0x00000004   Data   RW          606    .data               system_lpc17xx.o
    0x10000158   0x00000004   Data   RW          820    .data               c_w.l(stdio_streams.o)
    0x1000015c   0x00000004   Data   RW          821    .data               c_w.l(stdio_streams.o)
    0x10000160   0x00000004   Data   RW          822    .data               c_w.l(stdio_streams.o)
    0x10000164   0x00000040   Zero   RW          116    .bss                uart.o
    0x100001a4   0x00000032   Zero   RW          276    .bss                24c128.o
    0x100001d6   0x00000064   Zero   RW          409    .bss                toyocontrol.o
    0x1000023a   0x00000040   Zero   RW          458    .bss                uart2.o
    0x1000027a   0x00000002   PAD
    0x1000027c   0x00000054   Zero   RW          817    .bss                c_w.l(stdio_streams.o)
    0x100002d0   0x00000054   Zero   RW          818    .bss                c_w.l(stdio_streams.o)
    0x10000324   0x00000054   Zero   RW          819    .bss                c_w.l(stdio_streams.o)
    0x10000378   0x00000060   Zero   RW          873    .bss                c_w.l(libspace.o)
    0x100003d8   0x00000000   Zero   RW            2    HEAP                startup_lpc17xx.o
    0x100003d8   0x00000200   Zero   RW            1    STACK               startup_lpc17xx.o


==============================================================================

Image component sizes


      Code (inc. data)   RO Data    RW Data    ZI Data      Debug   Object Name

      1508        148          0          0         50       5744   24c128.o
      3332        974          0          2          0       3178   command.o
      6748       2492         71         72          0      14839   control.o
       204          8          0          8          0       1509   delay.o
      1046          4          0          0          0       2970   iic.o
      1046          4          0          0          0       2992   iic1.o
      1046          4          0          0          0       2992   iic2.o
       332         20          0          0          0       1138   io.o
       116         20          0          0          0      21771   main.o
       364          8          0          4          0       2079   pca9655e.o
      1372        244          0         49          0       4782   repeathandle.o
        64         26        204          0        512       1088   startup_lpc17xx.o
       628         30          0          4          0       1185   system_lpc17xx.o
       756         30          0         16          0       3426   timer.o
      1488        286          0          1        100       6481   toyocontrol.o
       872         68          0         13         64      27817   uart.o
       304         26          0         78          0       2572   uart1.o
       776         42          0          5         64       3415   uart2.o
       304         26          0         78          0       2572   uart3.o

    ----------------------------------------------------------------------
     22312       4460        308        344        792     112550   Object Totals
         0          0         32          0          0          0   (incl. Generated)
         6          0          1         14          2          0   (incl. Padding)

    ----------------------------------------------------------------------

      Code (inc. data)   RO Data    RW Data    ZI Data      Debug   Library Member Name

        60          8          0          0          0         84   __0sscanf.o
        24          4          0          0          0         84   __2printf.o
        90          0          0          0          0          0   __dczerorl2.o
         8          0          0          0          0         68   __main.o
       392          4         17          0          0         92   __printf_flags_ss_wp.o
        14          0          0          0          0         68   __printf_wp.o
         0          0          0          0          0          0   __rtentry.o
        12          0          0          0          0          0   __rtentry2.o
         6          0          0          0          0          0   __rtentry4.o
        52          8          0          0          0          0   __scatter.o
        28          0          0          0          0          0   __scatter_zi.o
        28          0          0          0          0         68   _chval.o
         6          0          0          0          0          0   _printf_a.o
         6          0          0          0          0          0   _printf_c.o
        44          0          0          0          0        108   _printf_char.o
        48          6          0          0          0         96   _printf_char_common.o
        36          4          0          0          0         80   _printf_char_file.o
        40          0          0          0          0         68   _printf_charcount.o
         6          0          0          0          0          0   _printf_d.o
       120         16          0          0          0         92   _printf_dec.o
         6          0          0          0          0          0   _printf_e.o
         6          0          0          0          0          0   _printf_f.o
      1050          0          0          0          0        216   _printf_fp_dec.o
       128         16          0          0          0         84   _printf_fp_infnan.o
         6          0          0          0          0          0   _printf_g.o
       148          4         40          0          0        160   _printf_hex_int_ll_ptr.o
         6          0          0          0          0          0   _printf_i.o
       178          0          0          0          0         88   _printf_intcommon.o
        10          0          0          0          0          0   _printf_l.o
         6          0          0          0          0          0   _printf_lc.o
        10          0          0          0          0          0   _printf_ll.o
         6          0          0          0          0          0   _printf_lld.o
         6          0          0          0          0          0   _printf_lli.o
         6          0          0          0          0          0   _printf_llo.o
         6          0          0          0          0          0   _printf_llu.o
         6          0          0          0          0          0   _printf_llx.o
       124         16          0          0          0         92   _printf_longlong_dec.o
         6          0          0          0          0          0   _printf_ls.o
         6          0          0          0          0          0   _printf_n.o
         6          0          0          0          0          0   _printf_o.o
       112          8          0          0          0        124   _printf_oct_int_ll.o
         6          0          0          0          0          0   _printf_p.o
        78          0          0          0          0        108   _printf_pad.o
         0          0          0          0          0          0   _printf_percent.o
         4          0          0          0          0          0   _printf_percent_end.o
         6          0          0          0          0          0   _printf_s.o
        82          0          0          0          0         80   _printf_str.o
        36          0          0          0          0         84   _printf_truncate.o
         6          0          0          0          0          0   _printf_u.o
        44          0          0          0          0        108   _printf_wchar.o
       188          6          8          0          0         92   _printf_wctomb.o
         6          0          0          0          0          0   _printf_x.o
        22          0          0          0          0        100   _rserrno.o
       884          6          0          0          0        100   _scanf.o
       332          0          0          0          0         96   _scanf_int.o
        64          0          0          0          0         84   _sgetc.o
        10          0          0          0          0         68   _sputc.o
        64          0          0          0          0         92   _wcrtomb.o
       220          4        148          0          0         96   bigflt0.o
      1910        128          0          0          0        672   btod.o
        36          4          0          0          0         76   c89vsprintf.o
        10          0          0          0          0         68   defsig_exit.o
        50          0          0          0          0         88   defsig_general.o
        80         58          0          0          0         76   defsig_rtmem_inner.o
        14          0          0          0          0         80   defsig_rtmem_outer.o
        52         38          0          0          0         76   defsig_rtred_inner.o
        14          0          0          0          0         80   defsig_rtred_outer.o
        18          0          0          0          0         80   exit.o
        76          0          0          0          0         88   fclose.o
         8          0          0          0          0         68   ferror.o
       470          0          0          0          0         88   flsbuf.o
       236          4          0          0          0        128   fopen.o
        26          0          0          0          0         68   fputc.o
       248          6          0          0          0         84   fseek.o
        66          0          0          0          0         76   ftell.o
        94          0          0          0          0         80   h1_alloc.o
        52          0          0          0          0         68   h1_extend.o
        78          0          0          0          0         80   h1_free.o
        14          0          0          0          0         84   h1_init.o
         6          0          0          0          0        152   heapauxi.o
         4          0          0          0          0        136   hguard.o
         0          0          0          0          0          0   indicate_semi.o
       138          0          0          0          0        168   init_alloc.o
       312         46          0          0          0        112   initio.o
        18          0          0          0          0         76   isspace.o
        44         10        272          0          0         76   lc_ctype_c.o
        44         10         28          0          0         76   lc_numeric_c.o
         2          0          0          0          0          0   libinit.o
        42          0          0          0          0          0   libinit2.o
         2          0          0          0          0          0   libshutdown.o
         6          0          0          0          0          0   libshutdown2.o
         8          4          0          0         96         68   libspace.o
        72          0          0          0          0         76   llsdiv.o
       138          0          0          0          0         80   lludiv10.o
       238          0          0          0          0        100   lludivv7m.o
         0          0          0          0          0          0   maybetermalloc1.o
        16          4          0          0          0         76   rt_ctype_table.o
         8          4          0          0          0         68   rt_errno_addr_intlibspace.o
         8          4          0          0          0         68   rt_heap_descriptor_intlibspace.o
         8          4          0          0          0         68   rt_locale_intlibspace.o
        78          0          0          0          0         80   rt_memclr_w.o
       100          0          0          0          0         80   rt_memcpy_w.o
         2          0          0          0          0          0   rtexit.o
        10          0          0          0          0          0   rtexit2.o
        44          8          0          0          0         84   scanf_char.o
        70          0          0          0          0         80   setvbuf.o
       240          6          0          0          0        156   stdio.o
         0          0          0         12        252          0   stdio_streams.o
       128          0          0          0          0         68   strcmpv7m.o
        62          0          0          0          0         76   strlen.o
       150          0          0          0          0         80   strncmp.o
        12          4          0          0          0         68   sys_exit.o
       102          0         12          0          0        240   sys_io.o
        74          0          0          0          0         80   sys_stackheap_outer.o
        14          0          0          0          0         76   sys_wrch.o
         2          0          0          0          0         68   use_no_semi.o
        98          4          0          0          0         92   d2f.o
       826         16          0          0          0        348   daddsub_clz.o
        16          4          0          0          0         68   dcheck1.o
        24          0          0          0          0         68   dcmpi.o
       688        140          0          0          0        208   ddiv.o
        90          4          0          0          0         92   dfixu.o
        84          0          0          0          0        136   dflt_clz.o
       120          4          0          0          0         92   dleqf.o
       340         12          0          0          0        104   dmul.o
       156          4          0          0          0         92   dnaninf.o
        12          0          0          0          0         68   dretinf.o
       108          0          0          0          0         80   drleqf.o
       460         56          0          0          0        120   dsqrt_noumaal.o
        86          4          0          0          0         84   f2d.o
        62          4          0          0          0         84   ffixu.o
       140          4          0          0          0         84   fnaninf.o
        10          0          0          0          0         68   fretinf.o
         4          0          0          0          0         68   printf1.o
       100          0          0          0          0         68   retnan.o
        92          0          0          0          0         68   scalbn.o
        48          0          0          0          0         68   trapv.o
         0          0          0          0          0          0   usenofp.o
        62         10          0          0          0        340   dunder.o
        40          0          0          0          0         68   fpclassify.o
       170          0          0          0          0         96   poly.o
      2520        190        136          0          0        324   pow.o
         0          0          8          0          0          0   qnan.o
        76          0          0          0          0         84   sqrt.o

    ----------------------------------------------------------------------
     17128        908        672         12        348      10696   Library Totals
        32          0          3          0          0          0   (incl. Padding)

    ----------------------------------------------------------------------

      Code (inc. data)   RO Data    RW Data    ZI Data      Debug   Library Name

     10664        452        525         12        348       7624   c_w.l
      3564        256          0          0          0       2160   fz_ws.l
      2868        200        144          0          0        912   m_ws.l

    ----------------------------------------------------------------------
     17128        908        672         12        348      10696   Library Totals

    ----------------------------------------------------------------------

==============================================================================


      Code (inc. data)   RO Data    RW Data    ZI Data      Debug   

     39440       5368        980        356       1140     115598   Grand Totals
     39440       5368        980         36       1140     115598   ELF Image Totals (compressed)
     39440       5368        980         36          0          0   ROM Totals

==============================================================================

    Total RO  Size (Code + RO Data)                40420 (  39.47kB)
    Total RW  Size (RW Data + ZI Data)              1496 (   1.46kB)
    Total ROM Size (Code + RO Data + RW Data)      40456 (  39.51kB)

==============================================================================

