<html>
<body>
<pre>
<h1>礦ision Build Log</h1>
<h2>Tool Versions:</h2>
IDE-Version: μVision V5.17.0.0
Copyright (C) 2015 ARM Ltd and ARM Germany GmbH. All rights reserved.
License Information: a Microsoft, Microsoft, LIC=KRMKP-MY587-BEMHH-W2L06-Q76GS-6RRYS
 
Tool Versions:
Toolchain:       MDK-ARM Standard  Version: 5.17
Toolchain Path:  C:\Keil_v5\ARM\ARMCC\Bin
C Compiler:      Armcc.exe V5.06 update 1 (build 61)
Assembler:       Armasm.exe V5.06 update 1 (build 61)
Linker/Locator:  ArmLink.exe V5.06 update 1 (build 61)
Library Manager: ArmAr.exe V5.06 update 1 (build 61)
Hex Converter:   FromElf.exe V5.06 update 1 (build 61)
CPU DLL:         SARMCM3.DLL V5.17
Dialog DLL:      DARMP1.DLL V1.25.0.0
Target DLL:      Segger\JL2CM3.dll V2.99.16.0
Dialog DLL:      TARMP1.DLL V1.24.0.0
 
<h2>Project:</h2>
C:\Users\User\Desktop\EE\编程代码\work\MZ17-072+齐永强交接\1012\MZ17-072 交接资料\FW\增加真空检测\led.uvprojx
Project File Date:  10/17/2018

<h2>Output:</h2>
*** Using Compiler 'V5.06 update 1 (build 61)', folder: 'C:\Keil_v5\ARM\ARMCC\Bin'
Rebuild target 'Target 1'
assembling startup_LPC17xx.s...
compiling main.c...
compiling uart.c...
compiling Command.c...
compiling Control.c...
compiling IIC.c...
compiling 24C128.c...
compiling delay.c...
compiling IO.C...
compiling ToyoControl.c...
compiling timer.c...
compiling uart1.c...
compiling RepeatHandle.c...
compiling uart2.c...
compiling IIC1.c...
compiling IIC2.c...
compiling PCA9655E.c...
compiling core_cm3.c...
compiling uart3.c...
compiling system_LPC17xx.c...
linking...
Program Size: Code=39440 RO-data=980 RW-data=356 ZI-data=1140  
FromELF: creating hex file...
".\led.axf" - 0 Error(s), 0 Warning(s).

<h2>Software Packages used:</h2>

Package Vendor: ARM
                http://www.keil.com/pack/ARM.CMSIS.4.5.0.pack
                ARM::CMSIS:CORE:4.3.0
                CMSIS (Cortex Microcontroller Software Interface Standard)
   * Component: CORE Version: 4.3.0

<h2>Collection of Component include folders:</h2>
  C:\Users\User\Desktop\EE\编程代码\work\MZ17-072+齐永强交接\1012\MZ17-072 交接资料\FW\增加真空检测\RTE
  C:\Keil_v5\ARM\PACK\ARM\CMSIS\4.5.0\CMSIS\Include
  C:\Keil_v5\ARM\PACK\Keil\LPC1700_DFP\1.0.0\Device\Include

<h2>Collection of Component Files used:</h2>

   * Component: ARM::CMSIS:CORE:4.3.0
Build Time Elapsed:  00:00:09
</pre>
</body>
</html>
